// Jest Snapshot v1, https://goo.gl/fbAQLP

exports[`Professional Finder renders the app as expected 1`] = `
<div
  className="pro-finder__container container"
  data-testid="pro-finder__container"
>
  <div
    className="pro-finder__title-row row"
    data-testid="pro-finder__title-row"
  >
    <div
      className="pro-finder__title-col col"
      data-testid="pro-finder__title-col"
    >
      <h1
        className="pro-finder__title"
        data-testid="pro-finder__title"
      >
        Find a Local Professional
      </h1>
    </div>
  </div>
  <div
    className="pro-finder__search-form-row row"
    data-testid="pro-finder__search-form-row"
  >
    <div
      className="pro-finder__search-form-col col"
      data-testid="pro-finder__search-form-col"
    >
      <div
        data-testid="search-form__container"
      >
        <div
          className="search-form__category-dropdown dropdown"
          data-testid="search-form__category-dropdown"
          onKeyDown={[Function]}
        >
          <a
            className="dropdown-item"
            href="#"
            onClick={[Function]}
            onKeyDown={[Function]}
            role="button"
          >
            Appliance Installer / Repairer
          </a>
          <a
            className="dropdown-item"
            href="#"
            onClick={[Function]}
            onKeyDown={[Function]}
            role="button"
          >
            Architectural Designer
          </a>
          <a
            className="dropdown-item"
            href="#"
            onClick={[Function]}
            onKeyDown={[Function]}
            role="button"
          >
            Bathroom Fitter
          </a>
          <a
            className="dropdown-item"
            href="#"
            onClick={[Function]}
            onKeyDown={[Function]}
            role="button"
          >
            Bricklayer / Stonemason
          </a>
          <a
            className="dropdown-item"
            href="#"
            onClick={[Function]}
            onKeyDown={[Function]}
            role="button"
          >
            Builder
          </a>
          <a
            className="dropdown-item"
            href="#"
            onClick={[Function]}
            onKeyDown={[Function]}
            role="button"
          >
            Buying Agent
          </a>
          <a
            className="dropdown-item"
            href="#"
            onClick={[Function]}
            onKeyDown={[Function]}
            role="button"
          >
            Carpenter / Joiner
          </a>
          <a
            className="dropdown-item"
            href="#"
            onClick={[Function]}
            onKeyDown={[Function]}
            role="button"
          >
            Carpet Fitter
          </a>
          <a
            className="dropdown-item"
            href="#"
            onClick={[Function]}
            onKeyDown={[Function]}
            role="button"
          >
            Cleaner
          </a>
          <a
            className="dropdown-item"
            href="#"
            onClick={[Function]}
            onKeyDown={[Function]}
            role="button"
          >
            Compliance and certificate renewal
          </a>
          <a
            className="dropdown-item"
            href="#"
            onClick={[Function]}
            onKeyDown={[Function]}
            role="button"
          >
            Conveyancer
          </a>
          <a
            className="dropdown-item"
            href="#"
            onClick={[Function]}
            onKeyDown={[Function]}
            role="button"
          >
            Damp Proof Specialist
          </a>
          <a
            className="dropdown-item"
            href="#"
            onClick={[Function]}
            onKeyDown={[Function]}
            role="button"
          >
            Drainage Specialist
          </a>
          <a
            className="dropdown-item"
            href="#"
            onClick={[Function]}
            onKeyDown={[Function]}
            role="button"
          >
            Driveway Specialist
          </a>
          <a
            className="dropdown-item"
            href="#"
            onClick={[Function]}
            onKeyDown={[Function]}
            role="button"
          >
            Electrician
          </a>
          <a
            className="dropdown-item"
            href="#"
            onClick={[Function]}
            onKeyDown={[Function]}
            role="button"
          >
            Energy Assessor
          </a>
          <a
            className="dropdown-item"
            href="#"
            onClick={[Function]}
            onKeyDown={[Function]}
            role="button"
          >
            Estate Agent
          </a>
          <a
            className="dropdown-item"
            href="#"
            onClick={[Function]}
            onKeyDown={[Function]}
            role="button"
          >
            Fireplace Specialist
          </a>
          <a
            className="dropdown-item"
            href="#"
            onClick={[Function]}
            onKeyDown={[Function]}
            role="button"
          >
            Fire Safety Consultant
          </a>
          <a
            className="dropdown-item"
            href="#"
            onClick={[Function]}
            onKeyDown={[Function]}
            role="button"
          >
            Flooring Specialist
          </a>
          <a
            className="dropdown-item"
            href="#"
            onClick={[Function]}
            onKeyDown={[Function]}
            role="button"
          >
            Furniture Specialist
          </a>
          <a
            className="dropdown-item"
            href="#"
            onClick={[Function]}
            onKeyDown={[Function]}
            role="button"
          >
            Gardener
          </a>
          <a
            className="dropdown-item"
            href="#"
            onClick={[Function]}
            onKeyDown={[Function]}
            role="button"
          >
            Glazier
          </a>
          <a
            className="dropdown-item"
            href="#"
            onClick={[Function]}
            onKeyDown={[Function]}
            role="button"
          >
            Handyman
          </a>
          <a
            className="dropdown-item"
            href="#"
            onClick={[Function]}
            onKeyDown={[Function]}
            role="button"
          >
            Heating / Boiler Engineer
          </a>
          <a
            className="dropdown-item"
            href="#"
            onClick={[Function]}
            onKeyDown={[Function]}
            role="button"
          >
            Home Automation Specialist
          </a>
          <a
            className="dropdown-item"
            href="#"
            onClick={[Function]}
            onKeyDown={[Function]}
            role="button"
          >
            Home Security Specialist
          </a>
          <a
            className="dropdown-item"
            href="#"
            onClick={[Function]}
            onKeyDown={[Function]}
            role="button"
          >
            Insulation Specialist
          </a>
          <a
            className="dropdown-item"
            href="#"
            onClick={[Function]}
            onKeyDown={[Function]}
            role="button"
          >
            Interior Designer
          </a>
          <a
            className="dropdown-item"
            href="#"
            onClick={[Function]}
            onKeyDown={[Function]}
            role="button"
          >
            Kitchen Fitter
          </a>
          <a
            className="dropdown-item"
            href="#"
            onClick={[Function]}
            onKeyDown={[Function]}
            role="button"
          >
            Landlord Services Provider
          </a>
          <a
            className="dropdown-item"
            href="#"
            onClick={[Function]}
            onKeyDown={[Function]}
            role="button"
          >
            Landscape Designer
          </a>
          <a
            className="dropdown-item"
            href="#"
            onClick={[Function]}
            onKeyDown={[Function]}
            role="button"
          >
            Locksmith
          </a>
          <a
            className="dropdown-item"
            href="#"
            onClick={[Function]}
            onKeyDown={[Function]}
            role="button"
          >
            Mortgage Broker
          </a>
          <a
            className="dropdown-item"
            href="#"
            onClick={[Function]}
            onKeyDown={[Function]}
            role="button"
          >
            Painter / Decorator
          </a>
          <a
            className="dropdown-item"
            href="#"
            onClick={[Function]}
            onKeyDown={[Function]}
            role="button"
          >
            Pest Controller
          </a>
          <a
            className="dropdown-item"
            href="#"
            onClick={[Function]}
            onKeyDown={[Function]}
            role="button"
          >
            Photographer
          </a>
          <a
            className="dropdown-item"
            href="#"
            onClick={[Function]}
            onKeyDown={[Function]}
            role="button"
          >
            Planning Consultant
          </a>
          <a
            className="dropdown-item"
            href="#"
            onClick={[Function]}
            onKeyDown={[Function]}
            role="button"
          >
            Plasterer / Renderer
          </a>
          <a
            className="dropdown-item"
            href="#"
            onClick={[Function]}
            onKeyDown={[Function]}
            role="button"
          >
            Plumber
          </a>
          <a
            className="dropdown-item"
            href="#"
            onClick={[Function]}
            onKeyDown={[Function]}
            role="button"
          >
            Remover
          </a>
          <a
            className="dropdown-item"
            href="#"
            onClick={[Function]}
            onKeyDown={[Function]}
            role="button"
          >
            Roofer
          </a>
          <a
            className="dropdown-item"
            href="#"
            onClick={[Function]}
            onKeyDown={[Function]}
            role="button"
          >
            Scaffolder
          </a>
          <a
            className="dropdown-item"
            href="#"
            onClick={[Function]}
            onKeyDown={[Function]}
            role="button"
          >
            Specialist Tradesman
          </a>
          <a
            className="dropdown-item"
            href="#"
            onClick={[Function]}
            onKeyDown={[Function]}
            role="button"
          >
            Structural Engineer
          </a>
          <a
            className="dropdown-item"
            href="#"
            onClick={[Function]}
            onKeyDown={[Function]}
            role="button"
          >
            Surveyor
          </a>
          <a
            className="dropdown-item"
            href="#"
            onClick={[Function]}
            onKeyDown={[Function]}
            role="button"
          >
            Tiler
          </a>
          <a
            className="dropdown-item"
            href="#"
            onClick={[Function]}
            onKeyDown={[Function]}
            role="button"
          >
            Tree Surgeon
          </a>
          <a
            className="dropdown-item"
            href="#"
            onClick={[Function]}
            onKeyDown={[Function]}
            role="button"
          >
            Window / Conservatory Specialist
          </a>
        </div>
        <div
          className="input-group"
          data-testid="search-form__search-field"
        >
          <input
            aria-label="Enter UK Postcode here..."
            className="form-control"
            data-testid="search-form__search-field-input"
            onChange={[Function]}
            placeholder="Enter UK Postcode here..."
          />
        </div>
        <button
          className="search-form__search-btn btn btn-primary"
          data-testid="search-form__search-btn"
          disabled={false}
          type="button"
        >
          Search
        </button>
      </div>
    </div>
  </div>
  <div
    className="row"
    data-testid="pro-finder__search-results-row"
  >
    <div
      className="pro-finder__search-results-table-col col"
      data-testid="pro-finder__search-results-table-col"
    >
      <div
        data-testid="search-form-results__container"
      />
    </div>
  </div>
  <div
    className="pro-finder__pagination-control-row row"
    data-testid="pro-finder__pagination-control-row"
  >
    <div
      className="pro-finder__pagingation-control-col col"
      data-testid="pro-finder__pagination-control-col"
    >
      <ul
        className="pro-finder__pagination-control pagination"
        data-testid="pro-finder__pagination-control"
      />
    </div>
  </div>
</div>
`;
