// Jest Snapshot v1, https://goo.gl/fbAQLP

exports[`Professional Finder renders the app as expected 1`] = `
<div
  className="pro-finder__container container"
  data-testid="pro-finder__container"
>
  <div
    className="pro-finder__title-row row"
    data-testid="pro-finder__title-row"
  >
    <div
      className="pro-finder__title-column col"
      data-testid="pro-finder__title-column"
    >
      <h1
        className="pro-finder__title"
        data-testid="pro-finder__title"
      >
        Find a Local Professional
      </h1>
    </div>
  </div>
  <div
    className="pro-finder__search-form-row row"
    data-testid="pro-finder__search-form-row"
  >
    <div
      data-testid="search-form__container"
    />
  </div>
  <div
    className="row"
    data-testid="pro-finder__search-results-row"
  >
    <div
      data-testid="search-form-results__container"
    />
  </div>
  <div
    className="pro-finder__pagination-control-row row"
    data-testid="pro-finder__pagination-control-row"
  />
</div>
`;
