// Jest Snapshot v1, https://goo.gl/fbAQLP

exports[`Search Form renders the app as expected 1`] = `
<div
  data-testid="search-form__container"
>
  <div
    className="search-form__category-dropdown dropdown"
    data-testid="search-form__category-dropdown"
    onKeyDown={[Function]}
  >
    <button
      aria-expanded={false}
      aria-haspopup={true}
      className="dropdown-toggle btn btn-primary"
      disabled={false}
      onClick={[Function]}
      type="button"
    >
      Choose a category
    </button>
  </div>
  <div
    className="input-group"
    data-testid="search-form__search-field"
  >
    <input
      aria-label="Enter UK Postcode here..."
      className="form-control"
      data-testid="search-form__search-field-input"
      onChange={[Function]}
      placeholder="Enter UK Postcode here..."
    />
  </div>
  <button
    className="search-form__search-btn btn btn-primary"
    data-testid="search-form__search-btn"
    disabled={false}
    onClick={[Function]}
    type="button"
  >
    Search
  </button>
</div>
`;
