// Jest Snapshot v1, https://goo.gl/fbAQLP

exports[`Search Form renders the app as expected 1`] = `
<div
  data-testid="search-form__container"
>
  <div
    className="search-form__category-dropdown dropdown"
    data-testid="search-form__category-dropdown"
    onKeyDown={[Function]}
  />
  <div
    className="input-group"
    data-testid="search-form__search-field"
  />
  <button
    className="search-form__search-btn btn btn-primary"
    data-testid="search-form__search-btn"
    disabled={false}
    type="button"
  >
    Search
  </button>
</div>
`;
